******************************************************************************
               TMS320C6x Linker PC v7.4.14                     
******************************************************************************
>> Linked Wed Mar 02 21:58:45 2016

OUTPUT FILE NAME:   <lab0.out>
ENTRY POINT SYMBOL: "_c_int00"  address: 0000aa40


MEMORY CONFIGURATION

         name            origin    length      used     unused   attr    fill
----------------------  --------  ---------  --------  --------  ----  --------
  IVECS                 00000000   00000220  00000200  00000020  RWIX
  IRAM                  00000220   0002fde0  0000d52c  000228b4  RWIX
  SDRAM                 80000000   01000000  00028814  00fd77ec  RWIX
  FLASH                 90000000   00020000  00000000  00020000  RWIX


SECTION ALLOCATION MAP

 output                                  attributes/
section   page    origin      length       input sections
--------  ----  ----------  ----------   ----------------
$BRID      0    00000000    000000f4     COPY SECTION
                  00000000    00000078     csl6713.lib : csl_irq.obj ($BRID)
                  00000078    0000007c                 : csl_mcbsp.obj ($BRID)

.vectors   0    00000000    00000200     
                  00000000    00000200     Vectors_poll.obj (.vectors)

.text      0    00000220    0000ad40     
                  00000220    000007e0     matrix.obj (.text)
                  00000a00    000007a0     main.obj (.text)
                  000011a0    00000720     rts6700.lib : divd.obj (.text:__divd)
                  000018c0    00000720     c6713dskinit.obj (.text)
                  00001fe0    000006c0     rts6700.lib : _printfi.obj (.text:__getarg_diouxp)
                  000026a0    00000640                 : _printfi.obj (.text:__setfield)
                  00002ce0    00000560                 : _printfi.obj (.text:__printfi)
                  00003240    000004c0                 : fputs.obj (.text:_fputs)
                  00003700    00000480     dsk6713bsl.lib : dsk6713.obj (.text)
                  00003b80    00000420     rts6700.lib : _printfi.obj (.text:_fcvt)
                  00003fa0    00000400                 : _printfi.obj (.text:__pproc_fge)
                  000043a0    00000400                 : _printfi.obj (.text:_ecvt)
                  000047a0    00000380                 : imath64.obj (.text:__divull)
                  00004b20    00000380                 : memory.obj (.text:_free)
                  00004ea0    00000360                 : _printfi.obj (.text:__pconv_e)
                  00005200    00000360                 : _printfi.obj (.text:__pproc_fwp)
                  00005560    00000300                 : divf.obj (.text:__divf)
                  00005860    00000300                 : _printfi.obj (.text:__pproc_diouxp)
                  00005b60    00000300     dsk6713bsl.lib : dsk6713_aic23_opencodec.obj (.text)
                  00005e60    000002c0     rts6700.lib : _printfi.obj (.text:__pproc_str)
                  00006120    000002c0                 : setvbuf.obj (.text:_setvbuf)
                  000063e0    000002a0                 : _printfi.obj (.text:__pconv_g)
                  00006680    000002a0                 : fputc.obj (.text:_fputc)
                  00006920    00000260                 : imath40.obj (.text:__divul)
                  00006b80    00000240                 : _printfi.obj (.text:__mcpy)
                  00006dc0    00000240                 : memory.obj (.text:_malloc)
                  00007000    00000240                 : memcpy62.obj (.text:_memcpy)
                  00007240    00000220                 : trgdrv.obj (.text:_HOSTrename)
                  00007460    000001e0                 : lowlev.obj (.text:_getdevice)
                  00007640    000001e0     dsk6713bsl.lib : dsk6713_led.obj (.text)
                  00007820    000001c0     rts6700.lib : fseek.obj (.text:_fseek)
                  000079e0    000001a0     csl6713.lib : csl_irq.obj (.text:_IRQ_map)
                  00007b80    000001a0     rts6700.lib : _printfi.obj (.text:__ltostr)
                  00007d20    000001a0                 : _printfi.obj (.text:__pproc_fflags)
                  00007ec0    00000180     csl6713.lib : csl_mcbsp.obj (.text:_MCBSP_reset)
                  00008040    00000160     rts6700.lib : trgdrv.obj (.text:_HOSTlseek)
                  000081a0    00000160                 : fclose.obj (.text:__closefile)
                  00008300    00000140                 : trgdrv.obj (.text:_HOSTread)
                  00008440    00000140                 : frcmpyd_div.obj (.text:__frcmpyd_div)
                  00008580    00000140                 : atoi.obj (.text:_atoi)
                  000086c0    00000140                 : ltoa.obj (.text:_ltoa)
                  00008800    00000140     dsk6713bsl.lib : dsk6713_aic23_registers.obj (.text)
                  00008940    00000120     rts6700.lib : trgdrv.obj (.text:_HOSTopen)
                  00008a60    00000120                 : trgdrv.obj (.text:_HOSTwrite)
                  00008b80    00000120                 : _io_perm.obj (.text:__wrt_ok)
                  00008ca0    00000120                 : lowlev.obj (.text:_close)
                  00008dc0    00000120                 : memset.obj (.text:_memset)
                  00008ee0    00000100                 : trgdrv.obj (.text:_HOSTclose)
                  00008fe0    00000100                 : trgdrv.obj (.text:_HOSTunlink)
                  000090e0    00000100     csl6713.lib : csl_mcbsp.obj (.text:_MCBSP_start)
                  000091e0    00000100     rts6700.lib : autoinit.obj (.text:__auto_init)
                  000092e0    00000100                 : _printfi.obj (.text:__div)
                  000093e0    00000100                 : imath40.obj (.text:__divli)
                  000094e0    00000100                 : _printfi.obj (.text:__pconv_f)
                  000095e0    00000100                 : lowlev.obj (.text:_lseek)
                  000096e0    00000100                 : printf.obj (.text:_printf)
                  000097e0    00000100                 : lowlev.obj (.text:_write)
                  000098e0    000000e0     csl6713.lib : csl_mcbsp.obj (.text:_MCBSP_open)
                  000099c0    000000e0     rts6700.lib : fopen.obj (.text:__cleanup)
                  00009aa0    000000e0                 : fflush.obj (.text:__doflush)
                  00009b80    000000e0                 : _printfi.obj (.text:__ecpy)
                  00009c60    000000e0                 : _printfi.obj (.text:__fcpy)
                  00009d40    000000e0                 : strasg.obj (.text:__strasg)
                  00009e20    000000e0                 : exit.obj (.text:_exit)
                  00009f00    000000e0                 : memory.obj (.text:_minsert)
                  00009fe0    000000e0                 : memory.obj (.text:_mremove)
                  0000a0c0    000000c0                 : divu.obj (.text:__divu)
                  0000a180    000000c0                 : cpy_tbl.obj (.text:_copy_in)
                  0000a240    000000c0                 : lowlev.obj (.text:_finddevice)
                  0000a300    000000c0     dsk6713bsl.lib : dsk6713_aic23_setfreq.obj (.text)
                  0000a3c0    000000a0     csl6713.lib : csl_mcbsp.obj (.text:_MCBSP_config)
                  0000a460    000000a0     rts6700.lib : fixdli.obj (.text:__fixdli)
                  0000a500    000000a0                 : mpyll.obj (.text:__mpyll)
                  0000a5a0    000000a0                 : imath40.obj (.text:__remli)
                  0000a640    000000a0                 : trgmsg.obj (.text:_readmsg)
                  0000a6e0    000000a0     csl6713.lib : csl_irq.obj (.text:_setMux)
                  0000a780    000000a0     rts6700.lib : lowlev.obj (.text:_unlink)
                  0000a820    000000a0                 : trgmsg.obj (.text:_writemsg)
                  0000a8c0    00000080                 : cpp_init.obj (.text:___TI_cpp_init)
                  0000a940    00000080                 : fltlid.obj (.text:__fltlid)
                  0000a9c0    00000080                 : llshift.obj (.text:__llshl)
                  0000aa40    00000080                 : boot.obj (.text:_c_int00)
                  0000aac0    00000080                 : memccpy.obj (.text:_memccpy)
                  0000ab40    00000060                 : isinf.obj (.text:___isinf)
                  0000aba0    00000060                 : llshift.obj (.text:__llshru)
                  0000ac00    00000060                 : imath64.obj (.text:__subcull)
                  0000ac60    00000040     csl6713.lib : csl_irq.obj (.text:_IRQ_enable)
                  0000aca0    00000040                 : csl_irq.obj (.text:_IRQ_reset)
                  0000ace0    00000040     rts6700.lib : _printfi.obj (.text:___isnan)
                  0000ad20    00000040                 : args_main.obj (.text:__args_main)
                  0000ad60    00000020     Vectors_poll.obj (.text)
                  0000ad80    00000020     csl6713.lib : csl_irq.obj (.text:_IRQ_globalDisable)
                  0000ada0    00000020                 : csl_irq.obj (.text:_IRQ_globalEnable)
                  0000adc0    00000020                 : csl_irq.obj (.text:_IRQ_nmiEnable)
                  0000ade0    00000020                 : csl_mcbsp.obj (.text:_MCBSP_getXmtEventId)
                  0000ae00    00000020                 : csl_mcbsp.obj (.text:_MCBSP_read)
                  0000ae20    00000020                 : csl_mcbsp.obj (.text:_MCBSP_rrdy)
                  0000ae40    00000020                 : csl_mcbsp.obj (.text:_MCBSP_write)
                  0000ae60    00000020                 : csl_mcbsp.obj (.text:_MCBSP_xrdy)
                  0000ae80    00000020     rts6700.lib : negll.obj (.text:__negll)
                  0000aea0    00000020                 : _lock.obj (.text:__nop)
                  0000aec0    00000020                 : printf.obj (.text:__outc)
                  0000aee0    00000020                 : printf.obj (.text:__outs)
                  0000af00    00000020                 : exit.obj (.text:_abort)
                  0000af20    00000020                 : remove.obj (.text:_remove)
                  0000af40    00000020     csl6713.lib : csl_irq.obj (.text)

.cinit     0    0000af60    00001244     
                  0000af60    00000ea4     main.obj (.cinit)
                  0000be04    00000004     --HOLE-- [fill = 0]
                  0000be08    0000012c     csl6713.lib : csl_irq.obj (.cinit)
                  0000bf34    00000004     --HOLE-- [fill = 0]
                  0000bf38    0000005c     rts6700.lib : defs.obj (.cinit)
                  0000bf94    00000004     --HOLE-- [fill = 0]
                  0000bf98    0000005c                 : lowlev.obj (.cinit)
                  0000bff4    00000004     --HOLE-- [fill = 0]
                  0000bff8    00000058     c6713dskinit.obj (.cinit)
                  0000c050    00000054     csl6713.lib : csl_mcbsp.obj (.cinit)
                  0000c0a4    00000004     --HOLE-- [fill = 0]
                  0000c0a8    00000030     dsk6713bsl.lib : dsk6713_aic23_registers.obj (.cinit)
                  0000c0d8    0000002c     rts6700.lib : exit.obj (.cinit)
                  0000c104    00000004     --HOLE-- [fill = 0]
                  0000c108    0000002c                 : memory.obj (.cinit)
                  0000c134    00000004     --HOLE-- [fill = 0]
                  0000c138    00000028     dsk6713bsl.lib : dsk6713_aic23_setfreq.obj (.cinit)
                  0000c160    0000001c     rts6700.lib : _lock.obj (.cinit)
                  0000c17c    00000004     --HOLE-- [fill = 0]
                  0000c180    0000000c                 : errno.obj (.cinit)
                  0000c18c    00000004     --HOLE-- [fill = 0]
                  0000c190    0000000c                 : fopen.obj (.cinit)
                  0000c19c    00000004     --HOLE-- [fill = 0]
                  0000c1a0    00000004     (.pad.cinit) [fill = 0]

.stack     0    0000c1a8    00000800     UNINITIALIZED
                  0000c1a8    00000008     rts6700.lib : boot.obj (.stack)
                  0000c1b0    000007f8     --HOLE--

.sysmem    0    0000c9a8    00000800     UNINITIALIZED
                  0000c9a8    00000008     rts6700.lib : memory.obj (.sysmem)
                  0000c9b0    000007f8     --HOLE--

.const     0    0000d1a8    00000428     
                  0000d1a8    0000023c     matrixTest.obj (.const:.string)
                  0000d3e4    00000101     rts6700.lib : ctype.obj (.const:.string:__ctypes_)
                  0000d4e5    00000002                 : fputs.obj (.const:.string)
                  0000d4e7    00000001     --HOLE-- [fill = 0]
                  0000d4e8    00000048     matrix.obj (.const:.string)
                  0000d530    00000040     dsk6713bsl.lib : dsk6713_aic23_opencodec.obj (.const)
                  0000d570    00000023     rts6700.lib : _printfi.obj (.const:.string)
                  0000d593    00000001     --HOLE-- [fill = 0]
                  0000d594    00000020     dsk6713bsl.lib : dsk6713.obj (.const)
                  0000d5b4    0000001c     main.obj (.const:.string)

.cio       0    0000d5d0    00000120     UNINITIALIZED
                  0000d5d0    00000120     rts6700.lib : trgmsg.obj (.cio)

.bss       0    0000d6f0    00000060     UNINITIALIZED
                  0000d6f0    00000054     main.obj (.bss)
                  0000d744    0000000c     c6713dskinit.obj (.bss)

.far       0    80000000    00028814     UNINITIALIZED
                  80000000    000281dc     main.obj (.far)
                  800281dc    00000324     rts6700.lib : defs.obj (.far)
                  80028500    0000011c                 : lowlev.obj (.far)
                  8002861c    000000f4     csl6713.lib : csl_irq.obj (.far)
                  80028710    0000004c     c6713dskinit.obj (.far)
                  8002875c    00000038     csl6713.lib : csl_mcbsp.obj (.far)
                  80028794    00000028     dsk6713bsl.lib : dsk6713_aic23_registers.obj (.far)
                  800287bc    00000020                    : dsk6713_aic23_setfreq.obj (.far)
                  800287dc    0000000c     rts6700.lib : exit.obj (.far)
                  800287e8    00000008     dsk6713bsl.lib : dsk6713_aic23_opencodec.obj (.far)
                  800287f0    00000008     rts6700.lib : _lock.obj (.far)
                  800287f8    00000008                 : memory.obj (.far)
                  80028800    00000008                 : trgdrv.obj (.far)
                  80028808    00000004                 : errno.obj (.far)
                  8002880c    00000004                 : fopen.obj (.far)
                  80028810    00000002     dsk6713bsl.lib : dsk6713.obj (.far)
                  80028812    00000002                    : dsk6713_led.obj (.far)


GLOBAL SYMBOLS: SORTED ALPHABETICALLY BY Name 

address    name
--------   ----
0000d6f0   $bss
0000d6f0   .bss
00000220   .text
0000af00   C$$EXIT
0000a898   C$$IO$$
80028714   _AIC23CfgData
80028710   _AIC_data
800287e8   _DSK6713_AIC23_codeccontrolhandle
800287ec   _DSK6713_AIC23_codecdatahandle
000088c0   _DSK6713_AIC23_config
00005b60   _DSK6713_AIC23_openCodec
00008898   _DSK6713_AIC23_rget
00008800   _DSK6713_AIC23_rset
0000a300   _DSK6713_AIC23_setFreq
00007640   _DSK6713_LED_init
00007680   _DSK6713_LED_off
000076f0   _DSK6713_LED_on
00007760   _DSK6713_LED_toggle
00003b14   _DSK6713_getVersion
0000374c   _DSK6713_init
00003a68   _DSK6713_rget
00003a7c   _DSK6713_rset
80028810   _DSK6713_version
00003a90   _DSK6713_wait
00003ae8   _DSK6713_waitusec
00008ee0   _HOSTclose
00008040   _HOSTlseek
00008940   _HOSTopen
00008300   _HOSTread
00007240   _HOSTrename
00008fe0   _HOSTunlink
00008a60   _HOSTwrite
0000ac60   _IRQ_enable
0000ad80   _IRQ_globalDisable
0000ada0   _IRQ_globalEnable
000079e0   _IRQ_map
0000adc0   _IRQ_nmiEnable
0000aca0   _IRQ_reset
00000440   _InverseMatrix
0000a3c0   _MCBSP_config
0000ade0   _MCBSP_getXmtEventId
000098e0   _MCBSP_open
0000ae00   _MCBSP_read
00007ec0   _MCBSP_reset
0000ae20   _MCBSP_rrdy
000090e0   _MCBSP_start
0000ae40   _MCBSP_write
0000ae60   _MCBSP_xrdy
00000220   _MultiplyMatrix
0000d71c   _R
00000874   _TransposeMatrix
0000d5d0   __CIOBUF_
80028708   __IRQ_dispatchTable
80028644   __IRQ_eventTable
0000af40   __IRQ_hookFetchPacket
800286c8   __IRQ_intTable
8002878c   __MCBSP_hDev0
80028790   __MCBSP_hDev1
0000c9a8   __STACK_END
00000800   __STACK_SIZE
00000800   __SYSMEM_SIZE
00000001   __TI_args_main
0000a8c0   ___TI_cpp_init
800287e4   ___TI_enable_exit_profile_output
ffffffff   ___TI_pprof_out_hndl
ffffffff   ___TI_prof_data_size
ffffffff   ___TI_prof_data_start
ffffffff   ___binit__
0000d6f0   ___bss__
ffffffff   ___c_args__
0000af60   ___cinit__
0000d750   ___end__
0000af60   ___etext__
0000ab40   ___isinf
ffffffff   ___pinit__
00000220   ___text__
0000ad20   __args_main
000091e0   __auto_init
0000a0c0   __c6xabi_divu
000099c0   __cleanup
800287dc   __cleanup_ptr
000081a0   __closefile
0000d3e4   __ctypes_
000011a0   __divd
00005560   __divf
000093e0   __divli
0000a0c0   __divu
00006920   __divul
000047a0   __divull
00009aa0   __doflush
800287e0   __dtors_ptr
0000a460   __fixdli
0000a940   __fltlid
00008440   __frcmpyd_div
800284fc   __ft_end
800281dc   __ftable
0000a9c0   __llshl
0000aba0   __llshru
800287f0   __lock
0000a500   __mpyll
0000ae80   __negll
0000aea0   __nop
0000d724   __p
00002ce0   __printfi
0000a5a0   __remli
0000c1a8   __stack
00009d40   __strasg
0000ac00   __subcull
0000c9a8   __sys_memory
800283bc   __tmpnams
800287f4   __unlock
00008b80   __wrt_ok
0000d738   _a
0000af00   _abort
00008580   _atoi
0000d72c   _buffer
000018c0   _c6713_dsk_init
0000aa40   _c_int00
00008ca0   _close
0000d740   _col
00001998   _comm_intr
0000196c   _comm_poll
80028734   _config
0000a180   _copy_in
80028808   _errno
00009e20   _exit
00006680   _fputc
00003240   _fputs
00004b20   _free
0000d6f0   _fs
00007820   _fseek
80027ebc   _h
0000d74c   _hAIC23_handle
0000d6fc   _i
00001e58   _input_left_sample
00001f18   _input_right_sample
00001d5c   _input_sample
0000d6f4   _inputsource
0000d700   _j
000095e0   _lseek
000086c0   _ltoa
00000a00   _main
00006dc0   _malloc
0000aac0   _memccpy
00007000   _memcpy
00008dc0   _memset
0000d708   _n
00001bac   _output_left_sample
00001c84   _output_right_sample
00001a9c   _output_sample
0000d6f8   _p
0000d70c   _prev_j
000096e0   _printf
00006680   _putc
0000d718   _r
0000a640   _readmsg
0000af20   _remove
0000d73c   _row
0000d720   _s
80000000   _s_arr
80027100   _s_arr_isolate
0000d730   _s_t
00006120   _setvbuf
0000d704   _start
0000d728   _start_j
0000d734   _temp_R
0000a780   _unlink
00000020   _vector1
00000140   _vector10
00000160   _vector11
00000180   _vector12
000001a0   _vector13
000001c0   _vector14
000001e0   _vector15
00000040   _vector2
00000060   _vector3
00000080   _vector4
000000a0   _vector5
000000c0   _vector6
000000e0   _vector7
00000100   _vector8
00000120   _vector9
00000000   _vectors
000097e0   _write
0000a820   _writemsg
0000d710   _y
ffffffff   binit
0000af60   cinit
0000d750   end
0000af60   etext
ffffffff   pinit


GLOBAL SYMBOLS: SORTED BY Symbol Address 

address    name
--------   ----
00000000   _vectors
00000001   __TI_args_main
00000020   _vector1
00000040   _vector2
00000060   _vector3
00000080   _vector4
000000a0   _vector5
000000c0   _vector6
000000e0   _vector7
00000100   _vector8
00000120   _vector9
00000140   _vector10
00000160   _vector11
00000180   _vector12
000001a0   _vector13
000001c0   _vector14
000001e0   _vector15
00000220   .text
00000220   _MultiplyMatrix
00000220   ___text__
00000440   _InverseMatrix
00000800   __STACK_SIZE
00000800   __SYSMEM_SIZE
00000874   _TransposeMatrix
00000a00   _main
000011a0   __divd
000018c0   _c6713_dsk_init
0000196c   _comm_poll
00001998   _comm_intr
00001a9c   _output_sample
00001bac   _output_left_sample
00001c84   _output_right_sample
00001d5c   _input_sample
00001e58   _input_left_sample
00001f18   _input_right_sample
00002ce0   __printfi
00003240   _fputs
0000374c   _DSK6713_init
00003a68   _DSK6713_rget
00003a7c   _DSK6713_rset
00003a90   _DSK6713_wait
00003ae8   _DSK6713_waitusec
00003b14   _DSK6713_getVersion
000047a0   __divull
00004b20   _free
00005560   __divf
00005b60   _DSK6713_AIC23_openCodec
00006120   _setvbuf
00006680   _fputc
00006680   _putc
00006920   __divul
00006dc0   _malloc
00007000   _memcpy
00007240   _HOSTrename
00007640   _DSK6713_LED_init
00007680   _DSK6713_LED_off
000076f0   _DSK6713_LED_on
00007760   _DSK6713_LED_toggle
00007820   _fseek
000079e0   _IRQ_map
00007ec0   _MCBSP_reset
00008040   _HOSTlseek
000081a0   __closefile
00008300   _HOSTread
00008440   __frcmpyd_div
00008580   _atoi
000086c0   _ltoa
00008800   _DSK6713_AIC23_rset
00008898   _DSK6713_AIC23_rget
000088c0   _DSK6713_AIC23_config
00008940   _HOSTopen
00008a60   _HOSTwrite
00008b80   __wrt_ok
00008ca0   _close
00008dc0   _memset
00008ee0   _HOSTclose
00008fe0   _HOSTunlink
000090e0   _MCBSP_start
000091e0   __auto_init
000093e0   __divli
000095e0   _lseek
000096e0   _printf
000097e0   _write
000098e0   _MCBSP_open
000099c0   __cleanup
00009aa0   __doflush
00009d40   __strasg
00009e20   _exit
0000a0c0   __c6xabi_divu
0000a0c0   __divu
0000a180   _copy_in
0000a300   _DSK6713_AIC23_setFreq
0000a3c0   _MCBSP_config
0000a460   __fixdli
0000a500   __mpyll
0000a5a0   __remli
0000a640   _readmsg
0000a780   _unlink
0000a820   _writemsg
0000a898   C$$IO$$
0000a8c0   ___TI_cpp_init
0000a940   __fltlid
0000a9c0   __llshl
0000aa40   _c_int00
0000aac0   _memccpy
0000ab40   ___isinf
0000aba0   __llshru
0000ac00   __subcull
0000ac60   _IRQ_enable
0000aca0   _IRQ_reset
0000ad20   __args_main
0000ad80   _IRQ_globalDisable
0000ada0   _IRQ_globalEnable
0000adc0   _IRQ_nmiEnable
0000ade0   _MCBSP_getXmtEventId
0000ae00   _MCBSP_read
0000ae20   _MCBSP_rrdy
0000ae40   _MCBSP_write
0000ae60   _MCBSP_xrdy
0000ae80   __negll
0000aea0   __nop
0000af00   C$$EXIT
0000af00   _abort
0000af20   _remove
0000af40   __IRQ_hookFetchPacket
0000af60   ___cinit__
0000af60   ___etext__
0000af60   cinit
0000af60   etext
0000c1a8   __stack
0000c9a8   __STACK_END
0000c9a8   __sys_memory
0000d3e4   __ctypes_
0000d5d0   __CIOBUF_
0000d6f0   $bss
0000d6f0   .bss
0000d6f0   ___bss__
0000d6f0   _fs
0000d6f4   _inputsource
0000d6f8   _p
0000d6fc   _i
0000d700   _j
0000d704   _start
0000d708   _n
0000d70c   _prev_j
0000d710   _y
0000d718   _r
0000d71c   _R
0000d720   _s
0000d724   __p
0000d728   _start_j
0000d72c   _buffer
0000d730   _s_t
0000d734   _temp_R
0000d738   _a
0000d73c   _row
0000d740   _col
0000d74c   _hAIC23_handle
0000d750   ___end__
0000d750   end
80000000   _s_arr
80027100   _s_arr_isolate
80027ebc   _h
800281dc   __ftable
800283bc   __tmpnams
800284fc   __ft_end
80028644   __IRQ_eventTable
800286c8   __IRQ_intTable
80028708   __IRQ_dispatchTable
80028710   _AIC_data
80028714   _AIC23CfgData
80028734   _config
8002878c   __MCBSP_hDev0
80028790   __MCBSP_hDev1
800287dc   __cleanup_ptr
800287e0   __dtors_ptr
800287e4   ___TI_enable_exit_profile_output
800287e8   _DSK6713_AIC23_codeccontrolhandle
800287ec   _DSK6713_AIC23_codecdatahandle
800287f0   __lock
800287f4   __unlock
80028808   _errno
80028810   _DSK6713_version
ffffffff   ___TI_pprof_out_hndl
ffffffff   ___TI_prof_data_size
ffffffff   ___TI_prof_data_start
ffffffff   ___binit__
ffffffff   ___c_args__
ffffffff   ___pinit__
ffffffff   binit
ffffffff   pinit

[191 symbols]
